20:05:09 **** Build of project standalone_bsp_normal_run ****
make -k all 
"Running Make include in ps7_cortexa9_0/libsrc/coresightps_dcc_v1_2/src"
make -C ps7_cortexa9_0/libsrc/coresightps_dcc_v1_2/src -s include  "SHELL=CMD" "COMPILER=arm-xilinx-eabi-gcc" "ARCHIVER=arm-xilinx-eabi-ar" "COMPILER_FLAGS=  -O2 -c" "EXTRA_COMPILER_FLAGS=-g"
"Running Make include in ps7_cortexa9_0/libsrc/cpu_cortexa9_v2_1/src"
make -C ps7_cortexa9_0/libsrc/cpu_cortexa9_v2_1/src -s include  "SHELL=CMD" "COMPILER=arm-xilinx-eabi-gcc" "ARCHIVER=arm-xilinx-eabi-ar" "COMPILER_FLAGS=  -O2 -c" "EXTRA_COMPILER_FLAGS=-g"
"Running Make include in ps7_cortexa9_0/libsrc/ddrps_v1_0/src"
make -C ps7_cortexa9_0/libsrc/ddrps_v1_0/src -s include  "SHELL=CMD" "COMPILER=arm-xilinx-eabi-gcc" "ARCHIVER=arm-xilinx-eabi-ar" "COMPILER_FLAGS=  -O2 -c" "EXTRA_COMPILER_FLAGS=-g"
"Running Make include in ps7_cortexa9_0/libsrc/devcfg_v3_3/src"
make -C ps7_cortexa9_0/libsrc/devcfg_v3_3/src -s include  "SHELL=CMD" "COMPILER=arm-xilinx-eabi-gcc" "ARCHIVER=arm-xilinx-eabi-ar" "COMPILER_FLAGS=  -O2 -c" "EXTRA_COMPILER_FLAGS=-g"
"Running Make include in ps7_cortexa9_0/libsrc/dmaps_v2_1/src"
make -C ps7_cortexa9_0/libsrc/dmaps_v2_1/src -s include  "SHELL=CMD" "COMPILER=arm-xilinx-eabi-gcc" "ARCHIVER=arm-xilinx-eabi-ar" "COMPILER_FLAGS=  -O2 -c" "EXTRA_COMPILER_FLAGS=-g"
"Running Make include in ps7_cortexa9_0/libsrc/scugic_v3_1/src"
make -C ps7_cortexa9_0/libsrc/scugic_v3_1/src -s include  "SHELL=CMD" "COMPILER=arm-xilinx-eabi-gcc" "ARCHIVER=arm-xilinx-eabi-ar" "COMPILER_FLAGS=  -O2 -c" "EXTRA_COMPILER_FLAGS=-g"
"Running Make include in ps7_cortexa9_0/libsrc/scutimer_v2_1/src"
make -C ps7_cortexa9_0/libsrc/scutimer_v2_1/src -s include  "SHELL=CMD" "COMPILER=arm-xilinx-eabi-gcc" "ARCHIVER=arm-xilinx-eabi-ar" "COMPILER_FLAGS=  -O2 -c" "EXTRA_COMPILER_FLAGS=-g"
"Running Make include in ps7_cortexa9_0/libsrc/scuwdt_v2_1/src"
make -C ps7_cortexa9_0/libsrc/scuwdt_v2_1/src -s include  "SHELL=CMD" "COMPILER=arm-xilinx-eabi-gcc" "ARCHIVER=arm-xilinx-eabi-ar" "COMPILER_FLAGS=  -O2 -c" "EXTRA_COMPILER_FLAGS=-g"
"Running Make include in ps7_cortexa9_0/libsrc/standalone_v5_3/src"
make -C ps7_cortexa9_0/libsrc/standalone_v5_3/src -s include  "SHELL=CMD" "COMPILER=arm-xilinx-eabi-gcc" "ARCHIVER=arm-xilinx-eabi-ar" "COMPILER_FLAGS=  -O2 -c" "EXTRA_COMPILER_FLAGS=-g"
"Running Make include in ps7_cortexa9_0/libsrc/uartps_v3_1/src"
make -C ps7_cortexa9_0/libsrc/uartps_v3_1/src -s include  "SHELL=CMD" "COMPILER=arm-xilinx-eabi-gcc" "ARCHIVER=arm-xilinx-eabi-ar" "COMPILER_FLAGS=  -O2 -c" "EXTRA_COMPILER_FLAGS=-g"
"Running Make include in ps7_cortexa9_0/libsrc/xadcps_v2_2/src"
make -C ps7_cortexa9_0/libsrc/xadcps_v2_2/src -s include  "SHELL=CMD" "COMPILER=arm-xilinx-eabi-gcc" "ARCHIVER=arm-xilinx-eabi-ar" "COMPILER_FLAGS=  -O2 -c" "EXTRA_COMPILER_FLAGS=-g"
"Running Make libs in ps7_cortexa9_0/libsrc/coresightps_dcc_v1_2/src"
make -C ps7_cortexa9_0/libsrc/coresightps_dcc_v1_2/src -s libs  "SHELL=CMD" "COMPILER=arm-xilinx-eabi-gcc" "ARCHIVER=arm-xilinx-eabi-ar" "COMPILER_FLAGS=  -O2 -c" "EXTRA_COMPILER_FLAGS=-g"
"Compiling coresightps_dcc"
arm-xilinx-eabi-ar: creating ../../../lib/libxil.a
"Running Make libs in ps7_cortexa9_0/libsrc/cpu_cortexa9_v2_1/src"
make -C ps7_cortexa9_0/libsrc/cpu_cortexa9_v2_1/src -s libs  "SHELL=CMD" "COMPILER=arm-xilinx-eabi-gcc" "ARCHIVER=arm-xilinx-eabi-ar" "COMPILER_FLAGS=  -O2 -c" "EXTRA_COMPILER_FLAGS=-g"
"Compiling cpu_cortexa9"
"Running Make libs in ps7_cortexa9_0/libsrc/ddrps_v1_0/src"
make -C ps7_cortexa9_0/libsrc/ddrps_v1_0/src -s libs  "SHELL=CMD" "COMPILER=arm-xilinx-eabi-gcc" "ARCHIVER=arm-xilinx-eabi-ar" "COMPILER_FLAGS=  -O2 -c" "EXTRA_COMPILER_FLAGS=-g"
"Compiling ddrps"
"Running Make libs in ps7_cortexa9_0/libsrc/devcfg_v3_3/src"
make -C ps7_cortexa9_0/libsrc/devcfg_v3_3/src -s libs  "SHELL=CMD" "COMPILER=arm-xilinx-eabi-gcc" "ARCHIVER=arm-xilinx-eabi-ar" "COMPILER_FLAGS=  -O2 -c" "EXTRA_COMPILER_FLAGS=-g"
"Compiling devcfg"
"Running Make libs in ps7_cortexa9_0/libsrc/dmaps_v2_1/src"
make -C ps7_cortexa9_0/libsrc/dmaps_v2_1/src -s libs  "SHELL=CMD" "COMPILER=arm-xilinx-eabi-gcc" "ARCHIVER=arm-xilinx-eabi-ar" "COMPILER_FLAGS=  -O2 -c" "EXTRA_COMPILER_FLAGS=-g"
"Compiling dmaps"
"Running Make libs in ps7_cortexa9_0/libsrc/scugic_v3_1/src"
make -C ps7_cortexa9_0/libsrc/scugic_v3_1/src -s libs  "SHELL=CMD" "COMPILER=arm-xilinx-eabi-gcc" "ARCHIVER=arm-xilinx-eabi-ar" "COMPILER_FLAGS=  -O2 -c" "EXTRA_COMPILER_FLAGS=-g"
"Compiling scugic"
"Running Make libs in ps7_cortexa9_0/libsrc/scutimer_v2_1/src"
make -C ps7_cortexa9_0/libsrc/scutimer_v2_1/src -s libs  "SHELL=CMD" "COMPILER=arm-xilinx-eabi-gcc" "ARCHIVER=arm-xilinx-eabi-ar" "COMPILER_FLAGS=  -O2 -c" "EXTRA_COMPILER_FLAGS=-g"
"Compiling scutimer"
"Running Make libs in ps7_cortexa9_0/libsrc/scuwdt_v2_1/src"
make -C ps7_cortexa9_0/libsrc/scuwdt_v2_1/src -s libs  "SHELL=CMD" "COMPILER=arm-xilinx-eabi-gcc" "ARCHIVER=arm-xilinx-eabi-ar" "COMPILER_FLAGS=  -O2 -c" "EXTRA_COMPILER_FLAGS=-g"
"Compiling scuwdt"
"Running Make libs in ps7_cortexa9_0/libsrc/standalone_v5_3/src"
make -C ps7_cortexa9_0/libsrc/standalone_v5_3/src -s libs  "SHELL=CMD" "COMPILER=arm-xilinx-eabi-gcc" "ARCHIVER=arm-xilinx-eabi-ar" "COMPILER_FLAGS=  -O2 -c" "EXTRA_COMPILER_FLAGS=-g"
"Compiling standalone"
"Running Make libs in ps7_cortexa9_0/libsrc/uartps_v3_1/src"
make -C ps7_cortexa9_0/libsrc/uartps_v3_1/src -s libs  "SHELL=CMD" "COMPILER=arm-xilinx-eabi-gcc" "ARCHIVER=arm-xilinx-eabi-ar" "COMPILER_FLAGS=  -O2 -c" "EXTRA_COMPILER_FLAGS=-g"
"Compiling uartps"
"Running Make libs in ps7_cortexa9_0/libsrc/xadcps_v2_2/src"
make -C ps7_cortexa9_0/libsrc/xadcps_v2_2/src -s libs  "SHELL=CMD" "COMPILER=arm-xilinx-eabi-gcc" "ARCHIVER=arm-xilinx-eabi-ar" "COMPILER_FLAGS=  -O2 -c" "EXTRA_COMPILER_FLAGS=-g"
"Compiling xadcps"
'Finished building libraries'
20:05:41 **** Build of project standalone_bsp_profiling ****
make -k all 
"Running Make include in ps7_cortexa9_0/libsrc/coresightps_dcc_v1_2/src"
make -C ps7_cortexa9_0/libsrc/coresightps_dcc_v1_2/src -s include  "SHELL=CMD" "COMPILER=arm-xilinx-eabi-gcc" "ARCHIVER=arm-xilinx-eabi-ar" "COMPILER_FLAGS=  -O2 -c" "EXTRA_COMPILER_FLAGS=-g -pg"
"Running Make include in ps7_cortexa9_0/libsrc/cpu_cortexa9_v2_1/src"
make -C ps7_cortexa9_0/libsrc/cpu_cortexa9_v2_1/src -s include  "SHELL=CMD" "COMPILER=arm-xilinx-eabi-gcc" "ARCHIVER=arm-xilinx-eabi-ar" "COMPILER_FLAGS=  -O2 -c" "EXTRA_COMPILER_FLAGS=-g -pg"
"Running Make include in ps7_cortexa9_0/libsrc/ddrps_v1_0/src"
make -C ps7_cortexa9_0/libsrc/ddrps_v1_0/src -s include  "SHELL=CMD" "COMPILER=arm-xilinx-eabi-gcc" "ARCHIVER=arm-xilinx-eabi-ar" "COMPILER_FLAGS=  -O2 -c" "EXTRA_COMPILER_FLAGS=-g -pg"
"Running Make include in ps7_cortexa9_0/libsrc/devcfg_v3_3/src"
make -C ps7_cortexa9_0/libsrc/devcfg_v3_3/src -s include  "SHELL=CMD" "COMPILER=arm-xilinx-eabi-gcc" "ARCHIVER=arm-xilinx-eabi-ar" "COMPILER_FLAGS=  -O2 -c" "EXTRA_COMPILER_FLAGS=-g -pg"
"Running Make include in ps7_cortexa9_0/libsrc/dmaps_v2_1/src"
make -C ps7_cortexa9_0/libsrc/dmaps_v2_1/src -s include  "SHELL=CMD" "COMPILER=arm-xilinx-eabi-gcc" "ARCHIVER=arm-xilinx-eabi-ar" "COMPILER_FLAGS=  -O2 -c" "EXTRA_COMPILER_FLAGS=-g -pg"
"Running Make include in ps7_cortexa9_0/libsrc/scugic_v3_1/src"
make -C ps7_cortexa9_0/libsrc/scugic_v3_1/src -s include  "SHELL=CMD" "COMPILER=arm-xilinx-eabi-gcc" "ARCHIVER=arm-xilinx-eabi-ar" "COMPILER_FLAGS=  -O2 -c" "EXTRA_COMPILER_FLAGS=-g -pg"
"Running Make include in ps7_cortexa9_0/libsrc/scutimer_v2_1/src"
make -C ps7_cortexa9_0/libsrc/scutimer_v2_1/src -s include  "SHELL=CMD" "COMPILER=arm-xilinx-eabi-gcc" "ARCHIVER=arm-xilinx-eabi-ar" "COMPILER_FLAGS=  -O2 -c" "EXTRA_COMPILER_FLAGS=-g -pg"
"Running Make include in ps7_cortexa9_0/libsrc/scuwdt_v2_1/src"
make -C ps7_cortexa9_0/libsrc/scuwdt_v2_1/src -s include  "SHELL=CMD" "COMPILER=arm-xilinx-eabi-gcc" "ARCHIVER=arm-xilinx-eabi-ar" "COMPILER_FLAGS=  -O2 -c" "EXTRA_COMPILER_FLAGS=-g -pg"
"Running Make include in ps7_cortexa9_0/libsrc/standalone_v5_3/src"
make -C ps7_cortexa9_0/libsrc/standalone_v5_3/src -s include  "SHELL=CMD" "COMPILER=arm-xilinx-eabi-gcc" "ARCHIVER=arm-xilinx-eabi-ar" "COMPILER_FLAGS=  -O2 -c" "EXTRA_COMPILER_FLAGS=-g -pg"
"Running Make include in ps7_cortexa9_0/libsrc/uartps_v3_1/src"
make -C ps7_cortexa9_0/libsrc/uartps_v3_1/src -s include  "SHELL=CMD" "COMPILER=arm-xilinx-eabi-gcc" "ARCHIVER=arm-xilinx-eabi-ar" "COMPILER_FLAGS=  -O2 -c" "EXTRA_COMPILER_FLAGS=-g -pg"
"Running Make include in ps7_cortexa9_0/libsrc/xadcps_v2_2/src"
make -C ps7_cortexa9_0/libsrc/xadcps_v2_2/src -s include  "SHELL=CMD" "COMPILER=arm-xilinx-eabi-gcc" "ARCHIVER=arm-xilinx-eabi-ar" "COMPILER_FLAGS=  -O2 -c" "EXTRA_COMPILER_FLAGS=-g -pg"
"Running Make libs in ps7_cortexa9_0/libsrc/coresightps_dcc_v1_2/src"
make -C ps7_cortexa9_0/libsrc/coresightps_dcc_v1_2/src -s libs  "SHELL=CMD" "COMPILER=arm-xilinx-eabi-gcc" "ARCHIVER=arm-xilinx-eabi-ar" "COMPILER_FLAGS=  -O2 -c" "EXTRA_COMPILER_FLAGS=-g -pg"
"Compiling coresightps_dcc"
arm-xilinx-eabi-ar: creating ../../../lib/libxil.a
"Running Make libs in ps7_cortexa9_0/libsrc/cpu_cortexa9_v2_1/src"
make -C ps7_cortexa9_0/libsrc/cpu_cortexa9_v2_1/src -s libs  "SHELL=CMD" "COMPILER=arm-xilinx-eabi-gcc" "ARCHIVER=arm-xilinx-eabi-ar" "COMPILER_FLAGS=  -O2 -c" "EXTRA_COMPILER_FLAGS=-g -pg"
"Compiling cpu_cortexa9"
"Running Make libs in ps7_cortexa9_0/libsrc/ddrps_v1_0/src"
make -C ps7_cortexa9_0/libsrc/ddrps_v1_0/src -s libs  "SHELL=CMD" "COMPILER=arm-xilinx-eabi-gcc" "ARCHIVER=arm-xilinx-eabi-ar" "COMPILER_FLAGS=  -O2 -c" "EXTRA_COMPILER_FLAGS=-g -pg"
"Compiling ddrps"
"Running Make libs in ps7_cortexa9_0/libsrc/devcfg_v3_3/src"
make -C ps7_cortexa9_0/libsrc/devcfg_v3_3/src -s libs  "SHELL=CMD" "COMPILER=arm-xilinx-eabi-gcc" "ARCHIVER=arm-xilinx-eabi-ar" "COMPILER_FLAGS=  -O2 -c" "EXTRA_COMPILER_FLAGS=-g -pg"
"Compiling devcfg"
"Running Make libs in ps7_cortexa9_0/libsrc/dmaps_v2_1/src"
make -C ps7_cortexa9_0/libsrc/dmaps_v2_1/src -s libs  "SHELL=CMD" "COMPILER=arm-xilinx-eabi-gcc" "ARCHIVER=arm-xilinx-eabi-ar" "COMPILER_FLAGS=  -O2 -c" "EXTRA_COMPILER_FLAGS=-g -pg"
"Compiling dmaps"
"Running Make libs in ps7_cortexa9_0/libsrc/scugic_v3_1/src"
make -C ps7_cortexa9_0/libsrc/scugic_v3_1/src -s libs  "SHELL=CMD" "COMPILER=arm-xilinx-eabi-gcc" "ARCHIVER=arm-xilinx-eabi-ar" "COMPILER_FLAGS=  -O2 -c" "EXTRA_COMPILER_FLAGS=-g -pg"
"Compiling scugic"
"Running Make libs in ps7_cortexa9_0/libsrc/scutimer_v2_1/src"
make -C ps7_cortexa9_0/libsrc/scutimer_v2_1/src -s libs  "SHELL=CMD" "COMPILER=arm-xilinx-eabi-gcc" "ARCHIVER=arm-xilinx-eabi-ar" "COMPILER_FLAGS=  -O2 -c" "EXTRA_COMPILER_FLAGS=-g -pg"
"Compiling scutimer"
"Running Make libs in ps7_cortexa9_0/libsrc/scuwdt_v2_1/src"
make -C ps7_cortexa9_0/libsrc/scuwdt_v2_1/src -s libs  "SHELL=CMD" "COMPILER=arm-xilinx-eabi-gcc" "ARCHIVER=arm-xilinx-eabi-ar" "COMPILER_FLAGS=  -O2 -c" "EXTRA_COMPILER_FLAGS=-g -pg"
"Compiling scuwdt"
"Running Make libs in ps7_cortexa9_0/libsrc/standalone_v5_3/src"
make -C ps7_cortexa9_0/libsrc/standalone_v5_3/src -s libs  "SHELL=CMD" "COMPILER=arm-xilinx-eabi-gcc" "ARCHIVER=arm-xilinx-eabi-ar" "COMPILER_FLAGS=  -O2 -c" "EXTRA_COMPILER_FLAGS=-g -pg"
"Compiling standalone"
arm-xilinx-eabi-ar: creating ../../../../lib/libxilprofile.a
"Running Make libs in ps7_cortexa9_0/libsrc/uartps_v3_1/src"
make -C ps7_cortexa9_0/libsrc/uartps_v3_1/src -s libs  "SHELL=CMD" "COMPILER=arm-xilinx-eabi-gcc" "ARCHIVER=arm-xilinx-eabi-ar" "COMPILER_FLAGS=  -O2 -c" "EXTRA_COMPILER_FLAGS=-g -pg"
"Compiling uartps"
"Running Make libs in ps7_cortexa9_0/libsrc/xadcps_v2_2/src"
make -C ps7_cortexa9_0/libsrc/xadcps_v2_2/src -s libs  "SHELL=CMD" "COMPILER=arm-xilinx-eabi-gcc" "ARCHIVER=arm-xilinx-eabi-ar" "COMPILER_FLAGS=  -O2 -c" "EXTRA_COMPILER_FLAGS=-g -pg"
"Compiling xadcps"
'Finished building libraries'
20:06:30 **** Build of configuration Debug for project SHA256_SW ****
make all 
'Building file: ../src/helloworld.c'
'Invoking: ARM gcc compiler'
arm-xilinx-eabi-gcc -Wall -O0 -g3 -c -fmessage-length=0 -MT"src/helloworld.o" -I../../standalone_bsp_normal_run/ps7_cortexa9_0/include -MMD -MP -MF"src/helloworld.d" -MT"src/helloworld.d" -o "src/helloworld.o" "../src/helloworld.c"
'Finished building: ../src/helloworld.c'
' '
'Building file: ../src/platform.c'
'Invoking: ARM gcc compiler'
arm-xilinx-eabi-gcc -Wall -O0 -g3 -c -fmessage-length=0 -MT"src/platform.o" -I../../standalone_bsp_normal_run/ps7_cortexa9_0/include -MMD -MP -MF"src/platform.d" -MT"src/platform.d" -o "src/platform.o" "../src/platform.c"
'Finished building: ../src/platform.c'
' '
'Building target: SHA256_SW.elf'
'Invoking: ARM gcc linker'
arm-xilinx-eabi-gcc -Wl,-T -Wl,../src/lscript.ld -L../../standalone_bsp_normal_run/ps7_cortexa9_0/lib -o "SHA256_SW.elf"  ./src/helloworld.o ./src/platform.o   -Wl,--start-group,-lxil,-lgcc,-lc,--end-group
'Finished building target: SHA256_SW.elf'
' '
'Invoking: ARM Print Size'
arm-xilinx-eabi-size SHA256_SW.elf  |tee "SHA256_SW.elf.size"
   text	   data	    bss	    dec	    hex	filename
  22888	   1152	  22564	  46604	   b60c	SHA256_SW.elf
'Finished building: SHA256_SW.elf.size'
' '
20:09:04 **** Incremental Build of configuration Debug for project SHA256_SW ****
make all 
make: Nothing to be done for `all'.
20:10:17 **** Clean-only build of configuration Debug for project SHA256_SW ****
make clean 
rm -rf  ./src/helloworld.o ./src/platform.o  ./src/helloworld.d ./src/platform.d  SHA256_SW.elf.size  SHA256_SW.elf
' '

****  of configuration Debug for project SHA256_SW ****

Nothing to build for project SHA256_SW
20:13:53 **** Auto Build of configuration Debug for project SHA256_SW ****
make all 
'Building file: Y:/sha256.hw.accelerator/sdk.shared_src/helloworld.c'
'Invoking: ARM gcc compiler'
arm-xilinx-eabi-gcc -Wall -O0 -g3 -c -fmessage-length=0 -MT"src/helloworld.o" -I../../standalone_bsp_normal_run/ps7_cortexa9_0/include -MMD -MP -MF"src/helloworld.d" -MT"src/helloworld.d" -o "src/helloworld.o" "Y:/sha256.hw.accelerator/sdk.shared_src/helloworld.c"
'Finished building: Y:/sha256.hw.accelerator/sdk.shared_src/helloworld.c'
' '
'Building file: Y:/sha256.hw.accelerator/sdk.shared_src/platform.c'
'Invoking: ARM gcc compiler'
arm-xilinx-eabi-gcc -Wall -O0 -g3 -c -fmessage-length=0 -MT"src/platform.o" -I../../standalone_bsp_normal_run/ps7_cortexa9_0/include -MMD -MP -MF"src/platform.d" -MT"src/platform.d" -o "src/platform.o" "Y:/sha256.hw.accelerator/sdk.shared_src/platform.c"
'Finished building: Y:/sha256.hw.accelerator/sdk.shared_src/platform.c'
' '
'Building target: SHA256_SW.elf'
'Invoking: ARM gcc linker'
arm-xilinx-eabi-gcc -Wl,-T -Wl,../src/lscript.ld -L../../standalone_bsp_normal_run/ps7_cortexa9_0/lib -o "SHA256_SW.elf"  ./src/helloworld.o ./src/platform.o   -Wl,--start-group,-lxil,-lgcc,-lc,--end-group
'Finished building target: SHA256_SW.elf'
' '
'Invoking: ARM Print Size'
arm-xilinx-eabi-size SHA256_SW.elf  |tee "SHA256_SW.elf.size"
   text	   data	    bss	    dec	    hex	filename
  22888	   1152	  22564	  46604	   b60c	SHA256_SW.elf
'Finished building: SHA256_SW.elf.size'
' '
20:14:28 **** Incremental Build of configuration Debug for project SHA256_SW ****
make all 
make: Nothing to be done for `all'.
20:21:23 **** Build of configuration Debug for project SHA256_SW_Profiling ****
make all 
'Building file: ../src/helloworld.c'
'Invoking: ARM gcc compiler'
arm-xilinx-eabi-gcc -Wall -O0 -g3 -c -fmessage-length=0 -MT"src/helloworld.o" -I../../standalone_bsp_profiling/ps7_cortexa9_0/include -MMD -MP -MF"src/helloworld.d" -MT"src/helloworld.d" -o "src/helloworld.o" "../src/helloworld.c"
'Finished building: ../src/helloworld.c'
' '
'Building file: ../src/platform.c'
'Invoking: ARM gcc compiler'
arm-xilinx-eabi-gcc -Wall -O0 -g3 -c -fmessage-length=0 -MT"src/platform.o" -I../../standalone_bsp_profiling/ps7_cortexa9_0/include -MMD -MP -MF"src/platform.d" -MT"src/platform.d" -o "src/platform.o" "../src/platform.c"
'Finished building: ../src/platform.c'
' '
'Building target: SHA256_SW_Profiling.elf'
'Invoking: ARM gcc linker'
arm-xilinx-eabi-gcc -Wl,-T -Wl,../src/lscript.ld -L../../standalone_bsp_profiling/ps7_cortexa9_0/lib -o "SHA256_SW_Profiling.elf"  ./src/helloworld.o ./src/platform.o   -Wl,--start-group,-lxil,-lgcc,-lc,--end-group
'Finished building target: SHA256_SW_Profiling.elf'
' '
'Invoking: ARM Print Size'
arm-xilinx-eabi-size SHA256_SW_Profiling.elf  |tee "SHA256_SW_Profiling.elf.size"
   text	   data	    bss	    dec	    hex	filename
  24924	   1952	  22580	  49456	   c130	SHA256_SW_Profiling.elf
'Finished building: SHA256_SW_Profiling.elf.size'
' '
20:21:29 **** Clean-only build of configuration Debug for project SHA256_SW_Profiling ****
make clean 
rm -rf  ./src/helloworld.o ./src/platform.o  ./src/helloworld.d ./src/platform.d  SHA256_SW_Profiling.elf.size  SHA256_SW_Profiling.elf
' '

****  of configuration Debug for project SHA256_SW_Profiling ****

Nothing to build for project SHA256_SW_Profiling
20:21:56 **** Clean-only build of configuration Debug for project SHA256_SW_Profiling ****
make clean 
rm -rf  ./src/helloworld.o ./src/platform.o  ./src/helloworld.d ./src/platform.d  SHA256_SW_Profiling.elf.size  SHA256_SW_Profiling.elf
' '

****  of configuration Debug for project SHA256_SW_Profiling ****

Nothing to build for project SHA256_SW_Profiling
20:21:57 **** Clean-only build of configuration Debug for project SHA256_SW_Profiling ****
make clean 
rm -rf  ./src/helloworld.o ./src/platform.o  ./src/helloworld.d ./src/platform.d  SHA256_SW_Profiling.elf.size  SHA256_SW_Profiling.elf
' '

****  of configuration Debug for project SHA256_SW_Profiling ****

Nothing to build for project SHA256_SW_Profiling
20:23:22 **** Clean-only build of configuration Debug for project SHA256_SW ****
make clean 
rm -rf  ./src/helloworld.o ./src/platform.o  ./src/helloworld.d ./src/platform.d  SHA256_SW.elf.size  SHA256_SW.elf
' '
20:23:22 **** Auto Build of configuration Debug for project SHA256_SW ****
make all 
'Building file: Y:/sha256.hw.accelerator/sdk.shared_src/platform.c'
'Invoking: ARM gcc compiler'
arm-xilinx-eabi-gcc -Wall -O0 -g3 -c -fmessage-length=0 -MT"src/platform.o" -I../../standalone_bsp_normal_run/ps7_cortexa9_0/include -MMD -MP -MF"src/platform.d" -MT"src/platform.d" -o "src/platform.o" "Y:/sha256.hw.accelerator/sdk.shared_src/platform.c"
'Finished building: Y:/sha256.hw.accelerator/sdk.shared_src/platform.c'
' '
'Building target: SHA256_SW.elf'
'Invoking: ARM gcc linker'
arm-xilinx-eabi-gcc -Wl,-T -Wl,../src/lscript.ld -L../../standalone_bsp_normal_run/ps7_cortexa9_0/lib -o "SHA256_SW.elf"  ./src/platform.o   -Wl,--start-group,-lxil,-lgcc,-lc,--end-group
../../standalone_bsp_normal_run/ps7_cortexa9_0/lib\libxil.a(xil-crt0.o): In function `_start':
Y:\sha256.hw.accelerator\sdk.workspace\standalone_bsp_normal_run\ps7_cortexa9_0\libsrc\standalone_v5_3\src/xil-crt0.S:133: undefined reference to `main'
collect2.exe: error: ld returned 1 exit status
make: *** [SHA256_SW.elf] Error 1
20:28:43 **** Auto Build of configuration Debug for project SHA256_SW ****
make all 
'Building file: Y:/sha256.hw.accelerator/sdk.shared_src/sha256.c'
'Invoking: ARM gcc compiler'
arm-xilinx-eabi-gcc -Wall -O0 -g3 -c -fmessage-length=0 -MT"src/sha256.o" -I../../standalone_bsp_normal_run/ps7_cortexa9_0/include -MMD -MP -MF"src/sha256.d" -MT"src/sha256.d" -o "src/sha256.o" "Y:/sha256.hw.accelerator/sdk.shared_src/sha256.c"
'Finished building: Y:/sha256.hw.accelerator/sdk.shared_src/sha256.c'
' '
'Building file: Y:/sha256.hw.accelerator/sdk.shared_src/sha256_test.c'
'Invoking: ARM gcc compiler'
arm-xilinx-eabi-gcc -Wall -O0 -g3 -c -fmessage-length=0 -MT"src/sha256_test.o" -I../../standalone_bsp_normal_run/ps7_cortexa9_0/include -MMD -MP -MF"src/sha256_test.d" -MT"src/sha256_test.d" -o "src/sha256_test.o" "Y:/sha256.hw.accelerator/sdk.shared_src/sha256_test.c"
Y:/sha256.hw.accelerator/sdk.shared_src/sha256_test.c: In function 'sha256_test':
Y:/sha256.hw.accelerator/sdk.shared_src/sha256_test.c:38:36: warning: pointer targets in passing argument 1 of 'strlen' differ in signedness [-Wpointer-sign]
  sha256_update(&ctx, text1, strlen(text1));
                                    ^
In file included from c:\xilinx\sdk\2015.4\gnu\arm\nt\arm-xilinx-eabi\include\stdio.h:29:0,
                 from Y:/sha256.hw.accelerator/sdk.shared_src/sha256_test.c:15:
c:\xilinx\sdk\2015.4\gnu\arm\nt\arm-xilinx-eabi\include\string.h:33:9: note: expected 'const char *' but argument is of type 'BYTE *'
 size_t  _EXFUN(strlen,(const char *));
         ^
Y:/sha256.hw.accelerator/sdk.shared_src/sha256_test.c:43:36: warning: pointer targets in passing argument 1 of 'strlen' differ in signedness [-Wpointer-sign]
  sha256_update(&ctx, text2, strlen(text2));
                                    ^
In file included from c:\xilinx\sdk\2015.4\gnu\arm\nt\arm-xilinx-eabi\include\stdio.h:29:0,
                 from Y:/sha256.hw.accelerator/sdk.shared_src/sha256_test.c:15:
c:\xilinx\sdk\2015.4\gnu\arm\nt\arm-xilinx-eabi\include\string.h:33:9: note: expected 'const char *' but argument is of type 'BYTE *'
 size_t  _EXFUN(strlen,(const char *));
         ^
Y:/sha256.hw.accelerator/sdk.shared_src/sha256_test.c:49:39: warning: pointer targets in passing argument 1 of 'strlen' differ in signedness [-Wpointer-sign]
     sha256_update(&ctx, text3, strlen(text3));
                                       ^
In file included from c:\xilinx\sdk\2015.4\gnu\arm\nt\arm-xilinx-eabi\include\stdio.h:29:0,
                 from Y:/sha256.hw.accelerator/sdk.shared_src/sha256_test.c:15:
c:\xilinx\sdk\2015.4\gnu\arm\nt\arm-xilinx-eabi\include\string.h:33:9: note: expected 'const char *' but argument is of type 'BYTE *'
 size_t  _EXFUN(strlen,(const char *));
         ^
'Finished building: Y:/sha256.hw.accelerator/sdk.shared_src/sha256_test.c'
' '
'Building target: SHA256_SW.elf'
'Invoking: ARM gcc linker'
arm-xilinx-eabi-gcc -Wl,-T -Wl,../src/lscript.ld -L../../standalone_bsp_normal_run/ps7_cortexa9_0/lib -o "SHA256_SW.elf"  ./src/platform.o ./src/sha256.o ./src/sha256_test.o   -Wl,--start-group,-lxil,-lgcc,-lc,--end-group
'Finished building target: SHA256_SW.elf'
' '
'Invoking: ARM Print Size'
arm-xilinx-eabi-size SHA256_SW.elf  |tee "SHA256_SW.elf.size"
   text	   data	    bss	    dec	    hex	filename
  64596	   2320	  22636	  89552	  15dd0	SHA256_SW.elf
'Finished building: SHA256_SW.elf.size'
' '
20:28:53 **** Incremental Build of configuration Debug for project SHA256_SW ****
make all 
make: Nothing to be done for `all'.
20:28:53 **** Clean-only build of configuration Debug for project SHA256_SW_Profiling ****
make clean 
rm -rf  ./src/helloworld.o ./src/platform.o  ./src/helloworld.d ./src/platform.d  SHA256_SW_Profiling.elf.size  SHA256_SW_Profiling.elf
' '

**** Build of configuration Debug for project SHA256_SW_Profiling ****

Nothing to build for project SHA256_SW_Profiling
20:29:29 **** Clean-only build of configuration Debug for project SHA256_SW_Profiling ****
make clean 
rm -rf  ./src/helloworld.o ./src/platform.o  ./src/helloworld.d ./src/platform.d  SHA256_SW_Profiling.elf.size  SHA256_SW_Profiling.elf
' '
20:29:29 **** Auto Build of configuration Debug for project SHA256_SW_Profiling ****
make all 
'Building file: Y:/sha256.hw.accelerator/sdk.shared_src/platform.c'
'Invoking: ARM gcc compiler'
arm-xilinx-eabi-gcc -Wall -O0 -g3 -pg -c -fmessage-length=0 -MT"src/platform.o" -I../../standalone_bsp_profiling/ps7_cortexa9_0/include -MMD -MP -MF"src/platform.d" -MT"src/platform.d" -o "src/platform.o" "Y:/sha256.hw.accelerator/sdk.shared_src/platform.c"
'Finished building: Y:/sha256.hw.accelerator/sdk.shared_src/platform.c'
' '
'Building file: Y:/sha256.hw.accelerator/sdk.shared_src/sha256.c'
'Invoking: ARM gcc compiler'
arm-xilinx-eabi-gcc -Wall -O0 -g3 -pg -c -fmessage-length=0 -MT"src/sha256.o" -I../../standalone_bsp_profiling/ps7_cortexa9_0/include -MMD -MP -MF"src/sha256.d" -MT"src/sha256.d" -o "src/sha256.o" "Y:/sha256.hw.accelerator/sdk.shared_src/sha256.c"
'Finished building: Y:/sha256.hw.accelerator/sdk.shared_src/sha256.c'
' '
'Building file: Y:/sha256.hw.accelerator/sdk.shared_src/sha256_test.c'
'Invoking: ARM gcc compiler'
arm-xilinx-eabi-gcc -Wall -O0 -g3 -pg -c -fmessage-length=0 -MT"src/sha256_test.o" -I../../standalone_bsp_profiling/ps7_cortexa9_0/include -MMD -MP -MF"src/sha256_test.d" -MT"src/sha256_test.d" -o "src/sha256_test.o" "Y:/sha256.hw.accelerator/sdk.shared_src/sha256_test.c"
Y:/sha256.hw.accelerator/sdk.shared_src/sha256_test.c: In function 'sha256_test':
Y:/sha256.hw.accelerator/sdk.shared_src/sha256_test.c:38:36: warning: pointer targets in passing argument 1 of 'strlen' differ in signedness [-Wpointer-sign]
  sha256_update(&ctx, text1, strlen(text1));
                                    ^
In file included from c:\xilinx\sdk\2015.4\gnu\arm\nt\arm-xilinx-eabi\include\stdio.h:29:0,
                 from Y:/sha256.hw.accelerator/sdk.shared_src/sha256_test.c:15:
c:\xilinx\sdk\2015.4\gnu\arm\nt\arm-xilinx-eabi\include\string.h:33:9: note: expected 'const char *' but argument is of type 'BYTE *'
 size_t  _EXFUN(strlen,(const char *));
         ^
Y:/sha256.hw.accelerator/sdk.shared_src/sha256_test.c:43:36: warning: pointer targets in passing argument 1 of 'strlen' differ in signedness [-Wpointer-sign]
  sha256_update(&ctx, text2, strlen(text2));
                                    ^
In file included from c:\xilinx\sdk\2015.4\gnu\arm\nt\arm-xilinx-eabi\include\stdio.h:29:0,
                 from Y:/sha256.hw.accelerator/sdk.shared_src/sha256_test.c:15:
c:\xilinx\sdk\2015.4\gnu\arm\nt\arm-xilinx-eabi\include\string.h:33:9: note: expected 'const char *' but argument is of type 'BYTE *'
 size_t  _EXFUN(strlen,(const char *));
         ^
Y:/sha256.hw.accelerator/sdk.shared_src/sha256_test.c:49:39: warning: pointer targets in passing argument 1 of 'strlen' differ in signedness [-Wpointer-sign]
     sha256_update(&ctx, text3, strlen(text3));
                                       ^
In file included from c:\xilinx\sdk\2015.4\gnu\arm\nt\arm-xilinx-eabi\include\stdio.h:29:0,
                 from Y:/sha256.hw.accelerator/sdk.shared_src/sha256_test.c:15:
c:\xilinx\sdk\2015.4\gnu\arm\nt\arm-xilinx-eabi\include\string.h:33:9: note: expected 'const char *' but argument is of type 'BYTE *'
 size_t  _EXFUN(strlen,(const char *));
         ^
'Finished building: Y:/sha256.hw.accelerator/sdk.shared_src/sha256_test.c'
' '
'Building target: SHA256_SW_Profiling.elf'
'Invoking: ARM gcc linker'
arm-xilinx-eabi-gcc -Wl,-T -Wl,../src/lscript.ld -pg -L../../standalone_bsp_profiling/ps7_cortexa9_0/lib -o "SHA256_SW_Profiling.elf"  ./src/platform.o ./src/sha256.o ./src/sha256_test.o   -Wl,--start-group,-lxil,-lgcc,-lc,--end-group
'Finished building target: SHA256_SW_Profiling.elf'
' '
'Invoking: ARM Print Size'
arm-xilinx-eabi-size SHA256_SW_Profiling.elf  |tee "SHA256_SW_Profiling.elf.size"
   text	   data	    bss	    dec	    hex	filename
  66748	   3120	  22652	  92520	  16968	SHA256_SW_Profiling.elf
'Finished building: SHA256_SW_Profiling.elf.size'
' '
20:32:12 **** Incremental Build of configuration Debug for project SHA256_SW ****
make all 
make: Nothing to be done for `all'.
20:32:13 **** Incremental Build of configuration Debug for project SHA256_SW_Profiling ****
make all 
make: Nothing to be done for `all'.
20:33:12 **** Incremental Build of configuration Debug for project SHA256_SW ****
make all 
make: Nothing to be done for `all'.
20:33:12 **** Incremental Build of configuration Debug for project SHA256_SW_Profiling ****
make all 
make: Nothing to be done for `all'.
20:33:44 **** Incremental Build of configuration Debug for project SHA256_SW ****
make all 
make: Nothing to be done for `all'.
20:33:44 **** Incremental Build of configuration Debug for project SHA256_SW_Profiling ****
make all 
make: Nothing to be done for `all'.
20:33:49 **** Auto Build of configuration Debug for project SHA256_SW_Profiling ****
make all 
make: Nothing to be done for `all'.
20:37:05 **** Auto Build of configuration Debug for project SHA256_SW ****
make all 
'Building file: Y:/sha256.hw.accelerator/sdk.shared_src/sha256_test.c'
'Invoking: ARM gcc compiler'
arm-xilinx-eabi-gcc -Wall -O0 -g3 -c -fmessage-length=0 -MT"src/sha256_test.o" -I../../standalone_bsp_normal_run/ps7_cortexa9_0/include -MMD -MP -MF"src/sha256_test.d" -MT"src/sha256_test.d" -o "src/sha256_test.o" "Y:/sha256.hw.accelerator/sdk.shared_src/sha256_test.c"
Y:/sha256.hw.accelerator/sdk.shared_src/sha256_test.c: In function 'sha256_test':
Y:/sha256.hw.accelerator/sdk.shared_src/sha256_test.c:39:36: warning: pointer targets in passing argument 1 of 'strlen' differ in signedness [-Wpointer-sign]
  sha256_update(&ctx, text1, strlen(text1));
                                    ^
In file included from c:\xilinx\sdk\2015.4\gnu\arm\nt\arm-xilinx-eabi\include\stdio.h:29:0,
                 from Y:/sha256.hw.accelerator/sdk.shared_src/sha256_test.c:15:
c:\xilinx\sdk\2015.4\gnu\arm\nt\arm-xilinx-eabi\include\string.h:33:9: note: expected 'const char *' but argument is of type 'BYTE *'
 size_t  _EXFUN(strlen,(const char *));
         ^
Y:/sha256.hw.accelerator/sdk.shared_src/sha256_test.c:44:36: warning: pointer targets in passing argument 1 of 'strlen' differ in signedness [-Wpointer-sign]
  sha256_update(&ctx, text2, strlen(text2));
                                    ^
In file included from c:\xilinx\sdk\2015.4\gnu\arm\nt\arm-xilinx-eabi\include\stdio.h:29:0,
                 from Y:/sha256.hw.accelerator/sdk.shared_src/sha256_test.c:15:
c:\xilinx\sdk\2015.4\gnu\arm\nt\arm-xilinx-eabi\include\string.h:33:9: note: expected 'const char *' but argument is of type 'BYTE *'
 size_t  _EXFUN(strlen,(const char *));
         ^
Y:/sha256.hw.accelerator/sdk.shared_src/sha256_test.c:50:39: warning: pointer targets in passing argument 1 of 'strlen' differ in signedness [-Wpointer-sign]
     sha256_update(&ctx, text3, strlen(text3));
                                       ^
In file included from c:\xilinx\sdk\2015.4\gnu\arm\nt\arm-xilinx-eabi\include\stdio.h:29:0,
                 from Y:/sha256.hw.accelerator/sdk.shared_src/sha256_test.c:15:
c:\xilinx\sdk\2015.4\gnu\arm\nt\arm-xilinx-eabi\include\string.h:33:9: note: expected 'const char *' but argument is of type 'BYTE *'
 size_t  _EXFUN(strlen,(const char *));
         ^
'Finished building: Y:/sha256.hw.accelerator/sdk.shared_src/sha256_test.c'
' '
'Building target: SHA256_SW.elf'
'Invoking: ARM gcc linker'
arm-xilinx-eabi-gcc -Wl,-T -Wl,../src/lscript.ld -L../../standalone_bsp_normal_run/ps7_cortexa9_0/lib -o "SHA256_SW.elf"  ./src/platform.o ./src/sha256.o ./src/sha256_test.o   -Wl,--start-group,-lxil,-lgcc,-lc,--end-group
'Finished building target: SHA256_SW.elf'
' '
'Invoking: ARM Print Size'
arm-xilinx-eabi-size SHA256_SW.elf  |tee "SHA256_SW.elf.size"
   text	   data	    bss	    dec	    hex	filename
  64596	   2320	  22636	  89552	  15dd0	SHA256_SW.elf
'Finished building: SHA256_SW.elf.size'
' '
20:37:06 **** Auto Build of configuration Debug for project SHA256_SW_Profiling ****
make all 
'Building file: Y:/sha256.hw.accelerator/sdk.shared_src/sha256_test.c'
'Invoking: ARM gcc compiler'
arm-xilinx-eabi-gcc -Wall -O0 -g3 -pg -c -fmessage-length=0 -MT"src/sha256_test.o" -I../../standalone_bsp_profiling/ps7_cortexa9_0/include -MMD -MP -MF"src/sha256_test.d" -MT"src/sha256_test.d" -o "src/sha256_test.o" "Y:/sha256.hw.accelerator/sdk.shared_src/sha256_test.c"
Y:/sha256.hw.accelerator/sdk.shared_src/sha256_test.c: In function 'sha256_test':
Y:/sha256.hw.accelerator/sdk.shared_src/sha256_test.c:39:36: warning: pointer targets in passing argument 1 of 'strlen' differ in signedness [-Wpointer-sign]
  sha256_update(&ctx, text1, strlen(text1));
                                    ^
In file included from c:\xilinx\sdk\2015.4\gnu\arm\nt\arm-xilinx-eabi\include\stdio.h:29:0,
                 from Y:/sha256.hw.accelerator/sdk.shared_src/sha256_test.c:15:
c:\xilinx\sdk\2015.4\gnu\arm\nt\arm-xilinx-eabi\include\string.h:33:9: note: expected 'const char *' but argument is of type 'BYTE *'
 size_t  _EXFUN(strlen,(const char *));
         ^
Y:/sha256.hw.accelerator/sdk.shared_src/sha256_test.c:44:36: warning: pointer targets in passing argument 1 of 'strlen' differ in signedness [-Wpointer-sign]
  sha256_update(&ctx, text2, strlen(text2));
                                    ^
In file included from c:\xilinx\sdk\2015.4\gnu\arm\nt\arm-xilinx-eabi\include\stdio.h:29:0,
                 from Y:/sha256.hw.accelerator/sdk.shared_src/sha256_test.c:15:
c:\xilinx\sdk\2015.4\gnu\arm\nt\arm-xilinx-eabi\include\string.h:33:9: note: expected 'const char *' but argument is of type 'BYTE *'
 size_t  _EXFUN(strlen,(const char *));
         ^
Y:/sha256.hw.accelerator/sdk.shared_src/sha256_test.c:50:39: warning: pointer targets in passing argument 1 of 'strlen' differ in signedness [-Wpointer-sign]
     sha256_update(&ctx, text3, strlen(text3));
                                       ^
In file included from c:\xilinx\sdk\2015.4\gnu\arm\nt\arm-xilinx-eabi\include\stdio.h:29:0,
                 from Y:/sha256.hw.accelerator/sdk.shared_src/sha256_test.c:15:
c:\xilinx\sdk\2015.4\gnu\arm\nt\arm-xilinx-eabi\include\string.h:33:9: note: expected 'const char *' but argument is of type 'BYTE *'
 size_t  _EXFUN(strlen,(const char *));
         ^
'Finished building: Y:/sha256.hw.accelerator/sdk.shared_src/sha256_test.c'
' '
'Building target: SHA256_SW_Profiling.elf'
'Invoking: ARM gcc linker'
arm-xilinx-eabi-gcc -Wl,-T -Wl,../src/lscript.ld -pg -L../../standalone_bsp_profiling/ps7_cortexa9_0/lib -o "SHA256_SW_Profiling.elf"  ./src/platform.o ./src/sha256.o ./src/sha256_test.o   -Wl,--start-group,-lxil,-lgcc,-lc,--end-group
'Finished building target: SHA256_SW_Profiling.elf'
' '
'Invoking: ARM Print Size'
arm-xilinx-eabi-size SHA256_SW_Profiling.elf  |tee "SHA256_SW_Profiling.elf.size"
   text	   data	    bss	    dec	    hex	filename
  66748	   3120	  22652	  92520	  16968	SHA256_SW_Profiling.elf
'Finished building: SHA256_SW_Profiling.elf.size'
' '
20:37:11 **** Auto Build of configuration Debug for project SHA256_SW ****
make all 
'Building file: Y:/sha256.hw.accelerator/sdk.shared_src/sha256_test.c'
'Invoking: ARM gcc compiler'
arm-xilinx-eabi-gcc -Wall -O0 -g3 -c -fmessage-length=0 -MT"src/sha256_test.o" -I../../standalone_bsp_normal_run/ps7_cortexa9_0/include -MMD -MP -MF"src/sha256_test.d" -MT"src/sha256_test.d" -o "src/sha256_test.o" "Y:/sha256.hw.accelerator/sdk.shared_src/sha256_test.c"
Y:/sha256.hw.accelerator/sdk.shared_src/sha256_test.c: In function 'sha256_test':
Y:/sha256.hw.accelerator/sdk.shared_src/sha256_test.c:39:36: warning: pointer targets in passing argument 1 of 'strlen' differ in signedness [-Wpointer-sign]
  sha256_update(&ctx, text1, strlen(text1));
                                    ^
In file included from c:\xilinx\sdk\2015.4\gnu\arm\nt\arm-xilinx-eabi\include\stdio.h:29:0,
                 from Y:/sha256.hw.accelerator/sdk.shared_src/sha256_test.c:15:
c:\xilinx\sdk\2015.4\gnu\arm\nt\arm-xilinx-eabi\include\string.h:33:9: note: expected 'const char *' but argument is of type 'BYTE *'
 size_t  _EXFUN(strlen,(const char *));
         ^
Y:/sha256.hw.accelerator/sdk.shared_src/sha256_test.c:44:36: warning: pointer targets in passing argument 1 of 'strlen' differ in signedness [-Wpointer-sign]
  sha256_update(&ctx, text2, strlen(text2));
                                    ^
In file included from c:\xilinx\sdk\2015.4\gnu\arm\nt\arm-xilinx-eabi\include\stdio.h:29:0,
                 from Y:/sha256.hw.accelerator/sdk.shared_src/sha256_test.c:15:
c:\xilinx\sdk\2015.4\gnu\arm\nt\arm-xilinx-eabi\include\string.h:33:9: note: expected 'const char *' but argument is of type 'BYTE *'
 size_t  _EXFUN(strlen,(const char *));
         ^
Y:/sha256.hw.accelerator/sdk.shared_src/sha256_test.c:50:39: warning: pointer targets in passing argument 1 of 'strlen' differ in signedness [-Wpointer-sign]
     sha256_update(&ctx, text3, strlen(text3));
                                       ^
In file included from c:\xilinx\sdk\2015.4\gnu\arm\nt\arm-xilinx-eabi\include\stdio.h:29:0,
                 from Y:/sha256.hw.accelerator/sdk.shared_src/sha256_test.c:15:
c:\xilinx\sdk\2015.4\gnu\arm\nt\arm-xilinx-eabi\include\string.h:33:9: note: expected 'const char *' but argument is of type 'BYTE *'
 size_t  _EXFUN(strlen,(const char *));
         ^
'Finished building: Y:/sha256.hw.accelerator/sdk.shared_src/sha256_test.c'
' '
'Building target: SHA256_SW.elf'
'Invoking: ARM gcc linker'
arm-xilinx-eabi-gcc -Wl,-T -Wl,../src/lscript.ld -L../../standalone_bsp_normal_run/ps7_cortexa9_0/lib -o "SHA256_SW.elf"  ./src/platform.o ./src/sha256.o ./src/sha256_test.o   -Wl,--start-group,-lxil,-lgcc,-lc,--end-group
'Finished building target: SHA256_SW.elf'
' '
'Invoking: ARM Print Size'
arm-xilinx-eabi-size SHA256_SW.elf  |tee "SHA256_SW.elf.size"
   text	   data	    bss	    dec	    hex	filename
  64596	   2320	  22636	  89552	  15dd0	SHA256_SW.elf
'Finished building: SHA256_SW.elf.size'
' '
20:37:12 **** Auto Build of configuration Debug for project SHA256_SW_Profiling ****
make all 
'Building file: Y:/sha256.hw.accelerator/sdk.shared_src/sha256_test.c'
'Invoking: ARM gcc compiler'
arm-xilinx-eabi-gcc -Wall -O0 -g3 -pg -c -fmessage-length=0 -MT"src/sha256_test.o" -I../../standalone_bsp_profiling/ps7_cortexa9_0/include -MMD -MP -MF"src/sha256_test.d" -MT"src/sha256_test.d" -o "src/sha256_test.o" "Y:/sha256.hw.accelerator/sdk.shared_src/sha256_test.c"
Y:/sha256.hw.accelerator/sdk.shared_src/sha256_test.c: In function 'sha256_test':
Y:/sha256.hw.accelerator/sdk.shared_src/sha256_test.c:39:36: warning: pointer targets in passing argument 1 of 'strlen' differ in signedness [-Wpointer-sign]
  sha256_update(&ctx, text1, strlen(text1));
                                    ^
In file included from c:\xilinx\sdk\2015.4\gnu\arm\nt\arm-xilinx-eabi\include\stdio.h:29:0,
                 from Y:/sha256.hw.accelerator/sdk.shared_src/sha256_test.c:15:
c:\xilinx\sdk\2015.4\gnu\arm\nt\arm-xilinx-eabi\include\string.h:33:9: note: expected 'const char *' but argument is of type 'BYTE *'
 size_t  _EXFUN(strlen,(const char *));
         ^
Y:/sha256.hw.accelerator/sdk.shared_src/sha256_test.c:44:36: warning: pointer targets in passing argument 1 of 'strlen' differ in signedness [-Wpointer-sign]
  sha256_update(&ctx, text2, strlen(text2));
                                    ^
In file included from c:\xilinx\sdk\2015.4\gnu\arm\nt\arm-xilinx-eabi\include\stdio.h:29:0,
                 from Y:/sha256.hw.accelerator/sdk.shared_src/sha256_test.c:15:
c:\xilinx\sdk\2015.4\gnu\arm\nt\arm-xilinx-eabi\include\string.h:33:9: note: expected 'const char *' but argument is of type 'BYTE *'
 size_t  _EXFUN(strlen,(const char *));
         ^
Y:/sha256.hw.accelerator/sdk.shared_src/sha256_test.c:50:39: warning: pointer targets in passing argument 1 of 'strlen' differ in signedness [-Wpointer-sign]
     sha256_update(&ctx, text3, strlen(text3));
                                       ^
In file included from c:\xilinx\sdk\2015.4\gnu\arm\nt\arm-xilinx-eabi\include\stdio.h:29:0,
                 from Y:/sha256.hw.accelerator/sdk.shared_src/sha256_test.c:15:
c:\xilinx\sdk\2015.4\gnu\arm\nt\arm-xilinx-eabi\include\string.h:33:9: note: expected 'const char *' but argument is of type 'BYTE *'
 size_t  _EXFUN(strlen,(const char *));
         ^
'Finished building: Y:/sha256.hw.accelerator/sdk.shared_src/sha256_test.c'
' '
'Building target: SHA256_SW_Profiling.elf'
'Invoking: ARM gcc linker'
arm-xilinx-eabi-gcc -Wl,-T -Wl,../src/lscript.ld -pg -L../../standalone_bsp_profiling/ps7_cortexa9_0/lib -o "SHA256_SW_Profiling.elf"  ./src/platform.o ./src/sha256.o ./src/sha256_test.o   -Wl,--start-group,-lxil,-lgcc,-lc,--end-group
'Finished building target: SHA256_SW_Profiling.elf'
' '
'Invoking: ARM Print Size'
arm-xilinx-eabi-size SHA256_SW_Profiling.elf  |tee "SHA256_SW_Profiling.elf.size"
   text	   data	    bss	    dec	    hex	filename
  66748	   3120	  22652	  92520	  16968	SHA256_SW_Profiling.elf
'Finished building: SHA256_SW_Profiling.elf.size'
' '
20:37:21 **** Auto Build of configuration Debug for project SHA256_SW ****
make all 
'Building file: Y:/sha256.hw.accelerator/sdk.shared_src/sha256_test.c'
'Invoking: ARM gcc compiler'
arm-xilinx-eabi-gcc -Wall -O0 -g3 -c -fmessage-length=0 -MT"src/sha256_test.o" -I../../standalone_bsp_normal_run/ps7_cortexa9_0/include -MMD -MP -MF"src/sha256_test.d" -MT"src/sha256_test.d" -o "src/sha256_test.o" "Y:/sha256.hw.accelerator/sdk.shared_src/sha256_test.c"
Y:/sha256.hw.accelerator/sdk.shared_src/sha256_test.c: In function 'sha256_test':
Y:/sha256.hw.accelerator/sdk.shared_src/sha256_test.c:39:36: warning: pointer targets in passing argument 1 of 'strlen' differ in signedness [-Wpointer-sign]
  sha256_update(&ctx, text1, strlen(text1));
                                    ^
In file included from c:\xilinx\sdk\2015.4\gnu\arm\nt\arm-xilinx-eabi\include\stdio.h:29:0,
                 from Y:/sha256.hw.accelerator/sdk.shared_src/sha256_test.c:15:
c:\xilinx\sdk\2015.4\gnu\arm\nt\arm-xilinx-eabi\include\string.h:33:9: note: expected 'const char *' but argument is of type 'BYTE *'
 size_t  _EXFUN(strlen,(const char *));
         ^
Y:/sha256.hw.accelerator/sdk.shared_src/sha256_test.c:44:36: warning: pointer targets in passing argument 1 of 'strlen' differ in signedness [-Wpointer-sign]
  sha256_update(&ctx, text2, strlen(text2));
                                    ^
In file included from c:\xilinx\sdk\2015.4\gnu\arm\nt\arm-xilinx-eabi\include\stdio.h:29:0,
                 from Y:/sha256.hw.accelerator/sdk.shared_src/sha256_test.c:15:
c:\xilinx\sdk\2015.4\gnu\arm\nt\arm-xilinx-eabi\include\string.h:33:9: note: expected 'const char *' but argument is of type 'BYTE *'
 size_t  _EXFUN(strlen,(const char *));
         ^
Y:/sha256.hw.accelerator/sdk.shared_src/sha256_test.c:50:39: warning: pointer targets in passing argument 1 of 'strlen' differ in signedness [-Wpointer-sign]
     sha256_update(&ctx, text3, strlen(text3));
                                       ^
In file included from c:\xilinx\sdk\2015.4\gnu\arm\nt\arm-xilinx-eabi\include\stdio.h:29:0,
                 from Y:/sha256.hw.accelerator/sdk.shared_src/sha256_test.c:15:
c:\xilinx\sdk\2015.4\gnu\arm\nt\arm-xilinx-eabi\include\string.h:33:9: note: expected 'const char *' but argument is of type 'BYTE *'
 size_t  _EXFUN(strlen,(const char *));
         ^
'Finished building: Y:/sha256.hw.accelerator/sdk.shared_src/sha256_test.c'
' '
'Building target: SHA256_SW.elf'
'Invoking: ARM gcc linker'
arm-xilinx-eabi-gcc -Wl,-T -Wl,../src/lscript.ld -L../../standalone_bsp_normal_run/ps7_cortexa9_0/lib -o "SHA256_SW.elf"  ./src/platform.o ./src/sha256.o ./src/sha256_test.o   -Wl,--start-group,-lxil,-lgcc,-lc,--end-group
'Finished building target: SHA256_SW.elf'
' '
'Invoking: ARM Print Size'
arm-xilinx-eabi-size SHA256_SW.elf  |tee "SHA256_SW.elf.size"
   text	   data	    bss	    dec	    hex	filename
  64596	   2320	  22636	  89552	  15dd0	SHA256_SW.elf
'Finished building: SHA256_SW.elf.size'
' '
20:37:22 **** Auto Build of configuration Debug for project SHA256_SW_Profiling ****
make all 
'Building file: Y:/sha256.hw.accelerator/sdk.shared_src/sha256_test.c'
'Invoking: ARM gcc compiler'
arm-xilinx-eabi-gcc -Wall -O0 -g3 -pg -c -fmessage-length=0 -MT"src/sha256_test.o" -I../../standalone_bsp_profiling/ps7_cortexa9_0/include -MMD -MP -MF"src/sha256_test.d" -MT"src/sha256_test.d" -o "src/sha256_test.o" "Y:/sha256.hw.accelerator/sdk.shared_src/sha256_test.c"
Y:/sha256.hw.accelerator/sdk.shared_src/sha256_test.c: In function 'sha256_test':
Y:/sha256.hw.accelerator/sdk.shared_src/sha256_test.c:39:36: warning: pointer targets in passing argument 1 of 'strlen' differ in signedness [-Wpointer-sign]
  sha256_update(&ctx, text1, strlen(text1));
                                    ^
In file included from c:\xilinx\sdk\2015.4\gnu\arm\nt\arm-xilinx-eabi\include\stdio.h:29:0,
                 from Y:/sha256.hw.accelerator/sdk.shared_src/sha256_test.c:15:
c:\xilinx\sdk\2015.4\gnu\arm\nt\arm-xilinx-eabi\include\string.h:33:9: note: expected 'const char *' but argument is of type 'BYTE *'
 size_t  _EXFUN(strlen,(const char *));
         ^
Y:/sha256.hw.accelerator/sdk.shared_src/sha256_test.c:44:36: warning: pointer targets in passing argument 1 of 'strlen' differ in signedness [-Wpointer-sign]
  sha256_update(&ctx, text2, strlen(text2));
                                    ^
In file included from c:\xilinx\sdk\2015.4\gnu\arm\nt\arm-xilinx-eabi\include\stdio.h:29:0,
                 from Y:/sha256.hw.accelerator/sdk.shared_src/sha256_test.c:15:
c:\xilinx\sdk\2015.4\gnu\arm\nt\arm-xilinx-eabi\include\string.h:33:9: note: expected 'const char *' but argument is of type 'BYTE *'
 size_t  _EXFUN(strlen,(const char *));
         ^
Y:/sha256.hw.accelerator/sdk.shared_src/sha256_test.c:50:39: warning: pointer targets in passing argument 1 of 'strlen' differ in signedness [-Wpointer-sign]
     sha256_update(&ctx, text3, strlen(text3));
                                       ^
In file included from c:\xilinx\sdk\2015.4\gnu\arm\nt\arm-xilinx-eabi\include\stdio.h:29:0,
                 from Y:/sha256.hw.accelerator/sdk.shared_src/sha256_test.c:15:
c:\xilinx\sdk\2015.4\gnu\arm\nt\arm-xilinx-eabi\include\string.h:33:9: note: expected 'const char *' but argument is of type 'BYTE *'
 size_t  _EXFUN(strlen,(const char *));
         ^
'Finished building: Y:/sha256.hw.accelerator/sdk.shared_src/sha256_test.c'
' '
'Building target: SHA256_SW_Profiling.elf'
'Invoking: ARM gcc linker'
arm-xilinx-eabi-gcc -Wl,-T -Wl,../src/lscript.ld -pg -L../../standalone_bsp_profiling/ps7_cortexa9_0/lib -o "SHA256_SW_Profiling.elf"  ./src/platform.o ./src/sha256.o ./src/sha256_test.o   -Wl,--start-group,-lxil,-lgcc,-lc,--end-group
'Finished building target: SHA256_SW_Profiling.elf'
' '
'Invoking: ARM Print Size'
arm-xilinx-eabi-size SHA256_SW_Profiling.elf  |tee "SHA256_SW_Profiling.elf.size"
   text	   data	    bss	    dec	    hex	filename
  66748	   3120	  22652	  92520	  16968	SHA256_SW_Profiling.elf
'Finished building: SHA256_SW_Profiling.elf.size'
' '
20:37:43 **** Incremental Build of configuration Debug for project SHA256_SW ****
make all 
make: Nothing to be done for `all'.
20:37:43 **** Incremental Build of configuration Debug for project SHA256_SW_Profiling ****
make all 
make: Nothing to be done for `all'.
20:42:15 **** Incremental Build of configuration Debug for project SHA256_SW ****
make all 
make: Nothing to be done for `all'.
20:42:15 **** Incremental Build of configuration Debug for project SHA256_SW_Profiling ****
make all 
make: Nothing to be done for `all'.
